Python 2.7.8 (default, Jun 30 2014, 16:03:49) [MSC v.1500 32 bit (Intel)] on win32
Type "copyright", "credits" or "license()" for more information.
>>> from matplotlib.pyplot import cm
import matplotlib.pyplot as plt
import numpy as np
>>> np

Traceback (most recent call last):
  File "<pyshell#1>", line 1, in <module>
    np
NameError: name 'np' is not defined
>>> 
>>> 
>>> import matplotlib.pyplot as plt
>>> import numpy as np
>>> Y, X = np.mgrid[-3:3:15j, -3:3:15j]
>>> Y
array([[-3.        , -3.        , -3.        , -3.        , -3.        ,
        -3.        , -3.        , -3.        , -3.        , -3.        ,
        -3.        , -3.        , -3.        , -3.        , -3.        ],
       [-2.57142857, -2.57142857, -2.57142857, -2.57142857, -2.57142857,
        -2.57142857, -2.57142857, -2.57142857, -2.57142857, -2.57142857,
        -2.57142857, -2.57142857, -2.57142857, -2.57142857, -2.57142857],
       [-2.14285714, -2.14285714, -2.14285714, -2.14285714, -2.14285714,
        -2.14285714, -2.14285714, -2.14285714, -2.14285714, -2.14285714,
        -2.14285714, -2.14285714, -2.14285714, -2.14285714, -2.14285714],
       [-1.71428571, -1.71428571, -1.71428571, -1.71428571, -1.71428571,
        -1.71428571, -1.71428571, -1.71428571, -1.71428571, -1.71428571,
        -1.71428571, -1.71428571, -1.71428571, -1.71428571, -1.71428571],
       [-1.28571429, -1.28571429, -1.28571429, -1.28571429, -1.28571429,
        -1.28571429, -1.28571429, -1.28571429, -1.28571429, -1.28571429,
        -1.28571429, -1.28571429, -1.28571429, -1.28571429, -1.28571429],
       [-0.85714286, -0.85714286, -0.85714286, -0.85714286, -0.85714286,
        -0.85714286, -0.85714286, -0.85714286, -0.85714286, -0.85714286,
        -0.85714286, -0.85714286, -0.85714286, -0.85714286, -0.85714286],
       [-0.42857143, -0.42857143, -0.42857143, -0.42857143, -0.42857143,
        -0.42857143, -0.42857143, -0.42857143, -0.42857143, -0.42857143,
        -0.42857143, -0.42857143, -0.42857143, -0.42857143, -0.42857143],
       [ 0.        ,  0.        ,  0.        ,  0.        ,  0.        ,
         0.        ,  0.        ,  0.        ,  0.        ,  0.        ,
         0.        ,  0.        ,  0.        ,  0.        ,  0.        ],
       [ 0.42857143,  0.42857143,  0.42857143,  0.42857143,  0.42857143,
         0.42857143,  0.42857143,  0.42857143,  0.42857143,  0.42857143,
         0.42857143,  0.42857143,  0.42857143,  0.42857143,  0.42857143],
       [ 0.85714286,  0.85714286,  0.85714286,  0.85714286,  0.85714286,
         0.85714286,  0.85714286,  0.85714286,  0.85714286,  0.85714286,
         0.85714286,  0.85714286,  0.85714286,  0.85714286,  0.85714286],
       [ 1.28571429,  1.28571429,  1.28571429,  1.28571429,  1.28571429,
         1.28571429,  1.28571429,  1.28571429,  1.28571429,  1.28571429,
         1.28571429,  1.28571429,  1.28571429,  1.28571429,  1.28571429],
       [ 1.71428571,  1.71428571,  1.71428571,  1.71428571,  1.71428571,
         1.71428571,  1.71428571,  1.71428571,  1.71428571,  1.71428571,
         1.71428571,  1.71428571,  1.71428571,  1.71428571,  1.71428571],
       [ 2.14285714,  2.14285714,  2.14285714,  2.14285714,  2.14285714,
         2.14285714,  2.14285714,  2.14285714,  2.14285714,  2.14285714,
         2.14285714,  2.14285714,  2.14285714,  2.14285714,  2.14285714],
       [ 2.57142857,  2.57142857,  2.57142857,  2.57142857,  2.57142857,
         2.57142857,  2.57142857,  2.57142857,  2.57142857,  2.57142857,
         2.57142857,  2.57142857,  2.57142857,  2.57142857,  2.57142857],
       [ 3.        ,  3.        ,  3.        ,  3.        ,  3.        ,
         3.        ,  3.        ,  3.        ,  3.        ,  3.        ,
         3.        ,  3.        ,  3.        ,  3.        ,  3.        ]])
>>> U = -1 - np.cos(X**2 + Y)
>>> V = 1 + X - Y
speed = np.sqrt(U**2 + V**2)
UN = U/speed
VN = V/speed
>>> VN

Traceback (most recent call last):
  File "<pyshell#10>", line 1, in <module>
    VN
NameError: name 'VN' is not defined
>>> speed = np.sqrt(U**2 + V**2)
>>> UN = U/speed
>>> 
>>> VN = V/speed
>>> plot1 = plt.figure()
>>> plt.quiver(X, Y, UN, VN,  \
	   U,\
	   cmap=cm.seismic,\
	     headlength=7)
<matplotlib.quiver.Quiver object at 0x03CB5E30>
>>> plt.show(plot1)
>>> 
